20:20:04 **** Incremental Build of configuration Debug for project 0_led_driver ****
make -j12 all 
arm-none-eabi-gcc "../Src/main.c" -mcpu=cortex-m4 -std=gnu11 -g3 -DSTM32F411xE -c -I../Inc -I"C:/Users/tejas/Documents/Code/CustomRTOS/GCC_STM32CubeIDE/0_led_driver/chip_headers/CMSIS/Include" -I"C:/Users/tejas/Documents/Code/CustomRTOS/GCC_STM32CubeIDE/0_led_driver/chip_headers/CMSIS/Device/ST/STM32F4xx/Include" -O0 -ffunction-sections -fdata-sections -Wall -fstack-usage -fcyclomatic-complexity -MMD -MP -MF"Src/main.d" -MT"Src/main.o" --specs=nano.specs -mfpu=fpv4-sp-d16 -mfloat-abi=hard -mthumb -o "Src/main.o"
arm-none-eabi-gcc -o "0_led_driver.elf" @"objects.list"   -mcpu=cortex-m4 -T"C:\Users\tejas\Documents\Code\CustomRTOS\GCC_STM32CubeIDE\0_led_driver\STM32F411RETX_FLASH.ld" --specs=nosys.specs -Wl,-Map="0_led_driver.map" -Wl,--gc-sections -static --specs=nano.specs -mfpu=fpv4-sp-d16 -mfloat-abi=hard -mthumb -Wl,--start-group -lc -lm -Wl,--end-group
Finished building target: 0_led_driver.elf
 
arm-none-eabi-size   0_led_driver.elf 
arm-none-eabi-objdump -h -S  0_led_driver.elf  > "0_led_driver.list"
   text	   data	    bss	    dec	    hex	filename
    840	      8	   1568	   2416	    970	0_led_driver.elf
Finished building: default.size.stdout
 
Finished building: 0_led_driver.list
 

20:20:04 Build Finished. 0 errors, 0 warnings. (took 394ms)

